// Jest Snapshot v1, https://goo.gl/fbAQLP

exports[`<Nav /> renders a minimal nav for signed out user 1`] = `
Array [
  <NavStyles
    data-test="nav"
  >
    <ul
      className="NavStyles-sc-11c0d2g-0 jeTctD"
      data-test="nav"
    >
      <Link
        href="/items"
      >
        <a
          href="/items"
          onClick={[Function]}
        >
          Shop
        </a>
      </Link>
      <Link
        href="/signup"
      >
        <a
          href="/signup"
          onClick={[Function]}
        >
          Sign In
        </a>
      </Link>
    </ul>
  </NavStyles>,
  <ul
    className="NavStyles-sc-11c0d2g-0 jeTctD"
    data-test="nav"
  >
    <Link
      href="/items"
    >
      <a
        href="/items"
        onClick={[Function]}
      >
        Shop
      </a>
    </Link>
    <Link
      href="/signup"
    >
      <a
        href="/signup"
        onClick={[Function]}
      >
        Sign In
      </a>
    </Link>
  </ul>,
]
`;

exports[`<Nav /> renders whole nav for signed in user 1`] = `
Array [
  <NavStyles
    data-test="nav"
  >
    <ul
      className="NavStyles-sc-11c0d2g-0 jeTctD"
      data-test="nav"
    >
      <p>
        Welcome 
        Miss Coleman Berge
        !Â 
      </p>
      <Link
        href="/items"
      >
        <a
          href="/items"
          onClick={[Function]}
        >
          Shop
        </a>
      </Link>
      <Link
        href="/sell"
      >
        <a
          href="/sell"
          onClick={[Function]}
        >
          Sell
        </a>
      </Link>
      <Link
        href="/orders"
      >
        <a
          href="/orders"
          onClick={[Function]}
        >
          Orders
        </a>
      </Link>
      <Signout>
        <Mutation
          mutation={
            Object {
              "definitions": Array [
                Object {
                  "directives": Array [],
                  "kind": "OperationDefinition",
                  "name": Object {
                    "kind": "Name",
                    "value": "SIGNOUT",
                  },
                  "operation": "mutation",
                  "selectionSet": Object {
                    "kind": "SelectionSet",
                    "selections": Array [
                      Object {
                        "alias": undefined,
                        "arguments": Array [],
                        "directives": Array [],
                        "kind": "Field",
                        "name": Object {
                          "kind": "Name",
                          "value": "signout",
                        },
                        "selectionSet": Object {
                          "kind": "SelectionSet",
                          "selections": Array [
                            Object {
                              "alias": undefined,
                              "arguments": Array [],
                              "directives": Array [],
                              "kind": "Field",
                              "name": Object {
                                "kind": "Name",
                                "value": "message",
                              },
                              "selectionSet": undefined,
                            },
                          ],
                        },
                      },
                    ],
                  },
                  "variableDefinitions": Array [],
                },
              ],
              "kind": "Document",
              "loc": Object {
                "end": 60,
                "start": 0,
              },
            }
          }
          refetchQueries={
            Array [
              Object {
                "query": Object {
                  "definitions": Array [
                    Object {
                      "directives": Array [],
                      "kind": "OperationDefinition",
                      "name": Object {
                        "kind": "Name",
                        "value": "CURRENT_USER_QUERY",
                      },
                      "operation": "query",
                      "selectionSet": Object {
                        "kind": "SelectionSet",
                        "selections": Array [
                          Object {
                            "alias": undefined,
                            "arguments": Array [],
                            "directives": Array [],
                            "kind": "Field",
                            "name": Object {
                              "kind": "Name",
                              "value": "me",
                            },
                            "selectionSet": Object {
                              "kind": "SelectionSet",
                              "selections": Array [
                                Object {
                                  "alias": undefined,
                                  "arguments": Array [],
                                  "directives": Array [],
                                  "kind": "Field",
                                  "name": Object {
                                    "kind": "Name",
                                    "value": "id",
                                  },
                                  "selectionSet": undefined,
                                },
                                Object {
                                  "alias": undefined,
                                  "arguments": Array [],
                                  "directives": Array [],
                                  "kind": "Field",
                                  "name": Object {
                                    "kind": "Name",
                                    "value": "name",
                                  },
                                  "selectionSet": undefined,
                                },
                                Object {
                                  "alias": undefined,
                                  "arguments": Array [],
                                  "directives": Array [],
                                  "kind": "Field",
                                  "name": Object {
                                    "kind": "Name",
                                    "value": "email",
                                  },
                                  "selectionSet": undefined,
                                },
                                Object {
                                  "alias": undefined,
                                  "arguments": Array [],
                                  "directives": Array [],
                                  "kind": "Field",
                                  "name": Object {
                                    "kind": "Name",
                                    "value": "permissions",
                                  },
                                  "selectionSet": undefined,
                                },
                                Object {
                                  "alias": undefined,
                                  "arguments": Array [],
                                  "directives": Array [],
                                  "kind": "Field",
                                  "name": Object {
                                    "kind": "Name",
                                    "value": "cart",
                                  },
                                  "selectionSet": Object {
                                    "kind": "SelectionSet",
                                    "selections": Array [
                                      Object {
                                        "alias": undefined,
                                        "arguments": Array [],
                                        "directives": Array [],
                                        "kind": "Field",
                                        "name": Object {
                                          "kind": "Name",
                                          "value": "id",
                                        },
                                        "selectionSet": undefined,
                                      },
                                      Object {
                                        "alias": undefined,
                                        "arguments": Array [],
                                        "directives": Array [],
                                        "kind": "Field",
                                        "name": Object {
                                          "kind": "Name",
                                          "value": "count",
                                        },
                                        "selectionSet": undefined,
                                      },
                                      Object {
                                        "alias": undefined,
                                        "arguments": Array [],
                                        "directives": Array [],
                                        "kind": "Field",
                                        "name": Object {
                                          "kind": "Name",
                                          "value": "item",
                                        },
                                        "selectionSet": Object {
                                          "kind": "SelectionSet",
                                          "selections": Array [
                                            Object {
                                              "alias": undefined,
                                              "arguments": Array [],
                                              "directives": Array [],
                                              "kind": "Field",
                                              "name": Object {
                                                "kind": "Name",
                                                "value": "id",
                                              },
                                              "selectionSet": undefined,
                                            },
                                            Object {
                                              "alias": undefined,
                                              "arguments": Array [],
                                              "directives": Array [],
                                              "kind": "Field",
                                              "name": Object {
                                                "kind": "Name",
                                                "value": "image",
                                              },
                                              "selectionSet": undefined,
                                            },
                                            Object {
                                              "alias": undefined,
                                              "arguments": Array [],
                                              "directives": Array [],
                                              "kind": "Field",
                                              "name": Object {
                                                "kind": "Name",
                                                "value": "description",
                                              },
                                              "selectionSet": undefined,
                                            },
                                            Object {
                                              "alias": undefined,
                                              "arguments": Array [],
                                              "directives": Array [],
                                              "kind": "Field",
                                              "name": Object {
                                                "kind": "Name",
                                                "value": "price",
                                              },
                                              "selectionSet": undefined,
                                            },
                                            Object {
                                              "alias": undefined,
                                              "arguments": Array [],
                                              "directives": Array [],
                                              "kind": "Field",
                                              "name": Object {
                                                "kind": "Name",
                                                "value": "title",
                                              },
                                              "selectionSet": undefined,
                                            },
                                          ],
                                        },
                                      },
                                    ],
                                  },
                                },
                                Object {
                                  "alias": undefined,
                                  "arguments": Array [],
                                  "directives": Array [],
                                  "kind": "Field",
                                  "name": Object {
                                    "kind": "Name",
                                    "value": "orders",
                                  },
                                  "selectionSet": Object {
                                    "kind": "SelectionSet",
                                    "selections": Array [
                                      Object {
                                        "alias": undefined,
                                        "arguments": Array [],
                                        "directives": Array [],
                                        "kind": "Field",
                                        "name": Object {
                                          "kind": "Name",
                                          "value": "id",
                                        },
                                        "selectionSet": undefined,
                                      },
                                    ],
                                  },
                                },
                              ],
                            },
                          },
                        ],
                      },
                      "variableDefinitions": Array [],
                    },
                  ],
                  "kind": "Document",
                  "loc": Object {
                    "end": 287,
                    "start": 0,
                  },
                },
              },
            ]
          }
        >
          <button
            onClick={[Function]}
          >
            Sign out
          </button>
        </Mutation>
      </Signout>
      <Mutation
        mutation={
          Object {
            "definitions": Array [
              Object {
                "directives": Array [],
                "kind": "OperationDefinition",
                "name": undefined,
                "operation": "mutation",
                "selectionSet": Object {
                  "kind": "SelectionSet",
                  "selections": Array [
                    Object {
                      "alias": undefined,
                      "arguments": Array [],
                      "directives": Array [
                        Object {
                          "arguments": Array [],
                          "kind": "Directive",
                          "name": Object {
                            "kind": "Name",
                            "value": "client",
                          },
                        },
                      ],
                      "kind": "Field",
                      "name": Object {
                        "kind": "Name",
                        "value": "toggleCart",
                      },
                      "selectionSet": undefined,
                    },
                  ],
                },
                "variableDefinitions": Array [],
              },
            ],
            "kind": "Document",
            "loc": Object {
              "end": 41,
              "start": 0,
            },
          }
        }
      >
        <button
          onClick={[Function]}
        >
          Cart
          <CartCount
            count={0}
          >
            <CartCount__AnimationStyles>
              <span
                className="CartCount__AnimationStyles-dlbh5s-1 hqwbBj"
              >
                <TransitionGroup
                  childFactory={[Function]}
                  component="div"
                >
                  <div>
                    <CSSTransition
                      className="count"
                      classNames="count"
                      in={true}
                      key=".$0"
                      onExited={[Function]}
                      timeout={
                        Object {
                          "enter": 400,
                          "exit": 400,
                        }
                      }
                      unmountOnExit={true}
                    >
                      <Transition
                        appear={false}
                        className="count"
                        enter={true}
                        exit={true}
                        in={true}
                        mountOnEnter={false}
                        onEnter={[Function]}
                        onEntered={[Function]}
                        onEntering={[Function]}
                        onExit={[Function]}
                        onExited={[Function]}
                        onExiting={[Function]}
                        timeout={
                          Object {
                            "enter": 400,
                            "exit": 400,
                          }
                        }
                        unmountOnExit={true}
                      >
                        <CartCount__Dot
                          className="count"
                        >
                          <div
                            className="count CartCount__Dot-dlbh5s-0 fKFBJF"
                          >
                            0
                          </div>
                        </CartCount__Dot>
                      </Transition>
                    </CSSTransition>
                  </div>
                </TransitionGroup>
              </span>
            </CartCount__AnimationStyles>
          </CartCount>
        </button>
      </Mutation>
    </ul>
  </NavStyles>,
  <ul
    className="NavStyles-sc-11c0d2g-0 jeTctD"
    data-test="nav"
  >
    <p>
      Welcome 
      Miss Coleman Berge
      !Â 
    </p>
    <Link
      href="/items"
    >
      <a
        href="/items"
        onClick={[Function]}
      >
        Shop
      </a>
    </Link>
    <Link
      href="/sell"
    >
      <a
        href="/sell"
        onClick={[Function]}
      >
        Sell
      </a>
    </Link>
    <Link
      href="/orders"
    >
      <a
        href="/orders"
        onClick={[Function]}
      >
        Orders
      </a>
    </Link>
    <Signout>
      <Mutation
        mutation={
          Object {
            "definitions": Array [
              Object {
                "directives": Array [],
                "kind": "OperationDefinition",
                "name": Object {
                  "kind": "Name",
                  "value": "SIGNOUT",
                },
                "operation": "mutation",
                "selectionSet": Object {
                  "kind": "SelectionSet",
                  "selections": Array [
                    Object {
                      "alias": undefined,
                      "arguments": Array [],
                      "directives": Array [],
                      "kind": "Field",
                      "name": Object {
                        "kind": "Name",
                        "value": "signout",
                      },
                      "selectionSet": Object {
                        "kind": "SelectionSet",
                        "selections": Array [
                          Object {
                            "alias": undefined,
                            "arguments": Array [],
                            "directives": Array [],
                            "kind": "Field",
                            "name": Object {
                              "kind": "Name",
                              "value": "message",
                            },
                            "selectionSet": undefined,
                          },
                        ],
                      },
                    },
                  ],
                },
                "variableDefinitions": Array [],
              },
            ],
            "kind": "Document",
            "loc": Object {
              "end": 60,
              "start": 0,
            },
          }
        }
        refetchQueries={
          Array [
            Object {
              "query": Object {
                "definitions": Array [
                  Object {
                    "directives": Array [],
                    "kind": "OperationDefinition",
                    "name": Object {
                      "kind": "Name",
                      "value": "CURRENT_USER_QUERY",
                    },
                    "operation": "query",
                    "selectionSet": Object {
                      "kind": "SelectionSet",
                      "selections": Array [
                        Object {
                          "alias": undefined,
                          "arguments": Array [],
                          "directives": Array [],
                          "kind": "Field",
                          "name": Object {
                            "kind": "Name",
                            "value": "me",
                          },
                          "selectionSet": Object {
                            "kind": "SelectionSet",
                            "selections": Array [
                              Object {
                                "alias": undefined,
                                "arguments": Array [],
                                "directives": Array [],
                                "kind": "Field",
                                "name": Object {
                                  "kind": "Name",
                                  "value": "id",
                                },
                                "selectionSet": undefined,
                              },
                              Object {
                                "alias": undefined,
                                "arguments": Array [],
                                "directives": Array [],
                                "kind": "Field",
                                "name": Object {
                                  "kind": "Name",
                                  "value": "name",
                                },
                                "selectionSet": undefined,
                              },
                              Object {
                                "alias": undefined,
                                "arguments": Array [],
                                "directives": Array [],
                                "kind": "Field",
                                "name": Object {
                                  "kind": "Name",
                                  "value": "email",
                                },
                                "selectionSet": undefined,
                              },
                              Object {
                                "alias": undefined,
                                "arguments": Array [],
                                "directives": Array [],
                                "kind": "Field",
                                "name": Object {
                                  "kind": "Name",
                                  "value": "permissions",
                                },
                                "selectionSet": undefined,
                              },
                              Object {
                                "alias": undefined,
                                "arguments": Array [],
                                "directives": Array [],
                                "kind": "Field",
                                "name": Object {
                                  "kind": "Name",
                                  "value": "cart",
                                },
                                "selectionSet": Object {
                                  "kind": "SelectionSet",
                                  "selections": Array [
                                    Object {
                                      "alias": undefined,
                                      "arguments": Array [],
                                      "directives": Array [],
                                      "kind": "Field",
                                      "name": Object {
                                        "kind": "Name",
                                        "value": "id",
                                      },
                                      "selectionSet": undefined,
                                    },
                                    Object {
                                      "alias": undefined,
                                      "arguments": Array [],
                                      "directives": Array [],
                                      "kind": "Field",
                                      "name": Object {
                                        "kind": "Name",
                                        "value": "count",
                                      },
                                      "selectionSet": undefined,
                                    },
                                    Object {
                                      "alias": undefined,
                                      "arguments": Array [],
                                      "directives": Array [],
                                      "kind": "Field",
                                      "name": Object {
                                        "kind": "Name",
                                        "value": "item",
                                      },
                                      "selectionSet": Object {
                                        "kind": "SelectionSet",
                                        "selections": Array [
                                          Object {
                                            "alias": undefined,
                                            "arguments": Array [],
                                            "directives": Array [],
                                            "kind": "Field",
                                            "name": Object {
                                              "kind": "Name",
                                              "value": "id",
                                            },
                                            "selectionSet": undefined,
                                          },
                                          Object {
                                            "alias": undefined,
                                            "arguments": Array [],
                                            "directives": Array [],
                                            "kind": "Field",
                                            "name": Object {
                                              "kind": "Name",
                                              "value": "image",
                                            },
                                            "selectionSet": undefined,
                                          },
                                          Object {
                                            "alias": undefined,
                                            "arguments": Array [],
                                            "directives": Array [],
                                            "kind": "Field",
                                            "name": Object {
                                              "kind": "Name",
                                              "value": "description",
                                            },
                                            "selectionSet": undefined,
                                          },
                                          Object {
                                            "alias": undefined,
                                            "arguments": Array [],
                                            "directives": Array [],
                                            "kind": "Field",
                                            "name": Object {
                                              "kind": "Name",
                                              "value": "price",
                                            },
                                            "selectionSet": undefined,
                                          },
                                          Object {
                                            "alias": undefined,
                                            "arguments": Array [],
                                            "directives": Array [],
                                            "kind": "Field",
                                            "name": Object {
                                              "kind": "Name",
                                              "value": "title",
                                            },
                                            "selectionSet": undefined,
                                          },
                                        ],
                                      },
                                    },
                                  ],
                                },
                              },
                              Object {
                                "alias": undefined,
                                "arguments": Array [],
                                "directives": Array [],
                                "kind": "Field",
                                "name": Object {
                                  "kind": "Name",
                                  "value": "orders",
                                },
                                "selectionSet": Object {
                                  "kind": "SelectionSet",
                                  "selections": Array [
                                    Object {
                                      "alias": undefined,
                                      "arguments": Array [],
                                      "directives": Array [],
                                      "kind": "Field",
                                      "name": Object {
                                        "kind": "Name",
                                        "value": "id",
                                      },
                                      "selectionSet": undefined,
                                    },
                                  ],
                                },
                              },
                            ],
                          },
                        },
                      ],
                    },
                    "variableDefinitions": Array [],
                  },
                ],
                "kind": "Document",
                "loc": Object {
                  "end": 287,
                  "start": 0,
                },
              },
            },
          ]
        }
      >
        <button
          onClick={[Function]}
        >
          Sign out
        </button>
      </Mutation>
    </Signout>
    <Mutation
      mutation={
        Object {
          "definitions": Array [
            Object {
              "directives": Array [],
              "kind": "OperationDefinition",
              "name": undefined,
              "operation": "mutation",
              "selectionSet": Object {
                "kind": "SelectionSet",
                "selections": Array [
                  Object {
                    "alias": undefined,
                    "arguments": Array [],
                    "directives": Array [
                      Object {
                        "arguments": Array [],
                        "kind": "Directive",
                        "name": Object {
                          "kind": "Name",
                          "value": "client",
                        },
                      },
                    ],
                    "kind": "Field",
                    "name": Object {
                      "kind": "Name",
                      "value": "toggleCart",
                    },
                    "selectionSet": undefined,
                  },
                ],
              },
              "variableDefinitions": Array [],
            },
          ],
          "kind": "Document",
          "loc": Object {
            "end": 41,
            "start": 0,
          },
        }
      }
    >
      <button
        onClick={[Function]}
      >
        Cart
        <CartCount
          count={0}
        >
          <CartCount__AnimationStyles>
            <span
              className="CartCount__AnimationStyles-dlbh5s-1 hqwbBj"
            >
              <TransitionGroup
                childFactory={[Function]}
                component="div"
              >
                <div>
                  <CSSTransition
                    className="count"
                    classNames="count"
                    in={true}
                    key=".$0"
                    onExited={[Function]}
                    timeout={
                      Object {
                        "enter": 400,
                        "exit": 400,
                      }
                    }
                    unmountOnExit={true}
                  >
                    <Transition
                      appear={false}
                      className="count"
                      enter={true}
                      exit={true}
                      in={true}
                      mountOnEnter={false}
                      onEnter={[Function]}
                      onEntered={[Function]}
                      onEntering={[Function]}
                      onExit={[Function]}
                      onExited={[Function]}
                      onExiting={[Function]}
                      timeout={
                        Object {
                          "enter": 400,
                          "exit": 400,
                        }
                      }
                      unmountOnExit={true}
                    >
                      <CartCount__Dot
                        className="count"
                      >
                        <div
                          className="count CartCount__Dot-dlbh5s-0 fKFBJF"
                        >
                          0
                        </div>
                      </CartCount__Dot>
                    </Transition>
                  </CSSTransition>
                </div>
              </TransitionGroup>
            </span>
          </CartCount__AnimationStyles>
        </CartCount>
      </button>
    </Mutation>
  </ul>,
]
`;
